Starting a Gradle Daemon (subsequent builds will be faster)
> Task :app:checkKotlinGradlePluginConfigurationErrors SKIPPED
> Task :app:preBuild UP-TO-DATE
> Task :app:preDebugBuild UP-TO-DATE
> Task :app:generateDebugBuildConfig
> Task :app:generateDebugResValues
> Task :app:checkDebugAarMetadata
> Task :app:mapDebugSourceSetPaths
> Task :app:generateDebugResources
> Task :app:packageDebugResources
> Task :app:createDebugCompatibleScreenManifests
> Task :app:extractDeepLinksDebug
> Task :app:mergeDebugResources
> Task :app:parseDebugLocalResources
> Task :app:processDebugMainManifest
> Task :app:processDebugManifest
> Task :app:preDebugUnitTestBuild UP-TO-DATE
> Task :app:javaPreCompileDebug
> Task :app:javaPreCompileDebugUnitTest
> Task :app:processDebugManifestForPackage
> Task :app:mergeDebugNativeDebugMetadata NO-SOURCE
> Task :app:mergeDebugShaders
> Task :app:compileDebugShaders NO-SOURCE
> Task :app:generateDebugAssets UP-TO-DATE
> Task :app:mergeDebugAssets
> Task :app:desugarDebugFileDependencies
> Task :app:compressDebugAssets
> Task :app:mergeDebugJniLibFolders
> Task :app:checkDebugDuplicateClasses
> Task :app:processDebugResources
> Task :app:mergeDebugNativeLibs
> Task :app:mergeLibDexDebug

> Task :app:stripDebugDebugSymbols
Unable to strip the following libraries, packaging them as they are: libandroidx.graphics.path.so, libfilament-jni.so, libfilament-utils-jni.so, libgltfio-jni.so. Run with --info option to learn more.

> Task :app:validateSigningDebug
> Task :app:writeDebugAppMetadata
> Task :app:writeDebugSigningConfigVersions
> Task :app:mergeExtDexDebug
> Task :app:compileDebugKotlin
w: file:///home/runner/work/son-harf/son-harf/app/src/main/java/com/sonharf/game/AdminConsoleScreen.kt:106:71 'val Icons.Rounded.ArrowBack: ImageVector' is deprecated. Use the AutoMirrored version at Icons.AutoMirrored.Rounded.ArrowBack.
w: file:///home/runner/work/son-harf/son-harf/app/src/main/java/com/sonharf/game/AdminConsoleScreen.kt:497:32 'constructor(p0: String!, p1: String!): Locale' is deprecated. Deprecated in Java.
w: file:///home/runner/work/son-harf/son-harf/app/src/main/java/com/sonharf/game/BilBakalimBonusOverlay.kt:141:125 Unnecessary non-null assertion (!!) on a non-null receiver of type 'String'.
w: file:///home/runner/work/son-harf/son-harf/app/src/main/java/com/sonharf/game/BilBakalimFeature.kt:256:100 'val Icons.Rounded.ArrowBack: ImageVector' is deprecated. Use the AutoMirrored version at Icons.AutoMirrored.Rounded.ArrowBack.
w: file:///home/runner/work/son-harf/son-harf/app/src/main/java/com/sonharf/game/ClassicPremiumApp.kt:341:40 'val Icons.Rounded.ArrowForward: ImageVector' is deprecated. Use the AutoMirrored version at Icons.AutoMirrored.Rounded.ArrowForward.
w: file:///home/runner/work/son-harf/son-harf/app/src/main/java/com/sonharf/game/ClassicPremiumApp.kt:667:32 'val Icons.Rounded.ArrowForward: ImageVector' is deprecated. Use the AutoMirrored version at Icons.AutoMirrored.Rounded.ArrowForward.
w: file:///home/runner/work/son-harf/son-harf/app/src/main/java/com/sonharf/game/ClassicPremiumApp.kt:730:67 'val Icons.Rounded.ArrowBack: ImageVector' is deprecated. Use the AutoMirrored version at Icons.AutoMirrored.Rounded.ArrowBack.
w: file:///home/runner/work/son-harf/son-harf/app/src/main/java/com/sonharf/game/CompleteProfileScreen.kt:20:9 'fun ScrollableTabRow(selectedTabIndex: Int, modifier: Modifier = ..., containerColor: Color = ..., contentColor: Color = ..., edgePadding: Dp = ..., indicator: ComposableFunction1<List<TabPosition>, Unit> = ..., divider: ComposableFunction0<Unit> = ..., tabs: ComposableFunction0<Unit>): Unit' is deprecated. Replaced with PrimaryScrollableTabRow and SecondaryScrollableTabRow tab variants.
w: file:///home/runner/work/son-harf/son-harf/app/src/main/java/com/sonharf/game/EconomyShopScreen.kt:107:13 'fun ScrollableTabRow(selectedTabIndex: Int, modifier: Modifier = ..., containerColor: Color = ..., contentColor: Color = ..., edgePadding: Dp = ..., indicator: ComposableFunction1<List<TabPosition>, Unit> = ..., divider: ComposableFunction0<Unit> = ..., tabs: ComposableFunction0<Unit>): Unit' is deprecated. Replaced with PrimaryScrollableTabRow and SecondaryScrollableTabRow tab variants.
w: file:///home/runner/work/son-harf/son-harf/app/src/main/java/com/sonharf/game/MetaHubScreen.kt:30:9 'fun ScrollableTabRow(selectedTabIndex: Int, modifier: Modifier = ..., containerColor: Color = ..., contentColor: Color = ..., edgePadding: Dp = ..., indicator: ComposableFunction1<List<TabPosition>, Unit> = ..., divider: ComposableFunction0<Unit> = ..., tabs: ComposableFunction0<Unit>): Unit' is deprecated. Replaced with PrimaryScrollableTabRow and SecondaryScrollableTabRow tab variants.
w: file:///home/runner/work/son-harf/son-harf/app/src/main/java/com/sonharf/game/PolishedMetaHubScreen.kt:40:9 'fun ScrollableTabRow(selectedTabIndex: Int, modifier: Modifier = ..., containerColor: Color = ..., contentColor: Color = ..., edgePadding: Dp = ..., indicator: ComposableFunction1<List<TabPosition>, Unit> = ..., divider: ComposableFunction0<Unit> = ..., tabs: ComposableFunction0<Unit>): Unit' is deprecated. Replaced with PrimaryScrollableTabRow and SecondaryScrollableTabRow tab variants.
w: file:///home/runner/work/son-harf/son-harf/app/src/main/java/com/sonharf/game/PrivateRoomExperience.kt:49:21 'val LocalClipboardManager: ProvidableCompositionLocal<ClipboardManager>' is deprecated. Use LocalClipboard instead which supports suspend functions.
w: file:///home/runner/work/son-harf/son-harf/app/src/main/java/com/sonharf/game/SketchGameOverlayV10.kt:317:62 'constructor(p0: String!, p1: String!): Locale' is deprecated. Deprecated in Java.
w: file:///home/runner/work/son-harf/son-harf/app/src/main/java/com/sonharf/game/WinnerFireworkOverlay.kt:230:48 Unnecessary safe call on a non-null receiver of type 'ProfileDto'.
w: file:///home/runner/work/son-harf/son-harf/app/src/main/java/com/sonharf/game/WordMeaningRuntime.kt:32:44 'constructor(p0: String!, p1: String!): Locale' is deprecated. Deprecated in Java.

> Task :app:compileDebugJavaWithJavac
> Task :app:processDebugJavaRes
> Task :app:bundleDebugClassesToCompileJar
> Task :app:bundleDebugClassesToRuntimeJar
> Task :app:dexBuilderDebug
> Task :app:mergeDebugGlobalSynthetics
> Task :app:compileDebugUnitTestKotlin
> Task :app:compileDebugUnitTestJavaWithJavac NO-SOURCE
> Task :app:processDebugUnitTestJavaRes
> Task :app:mergeProjectDexDebug
> Task :app:mergeDebugJavaResource
> Task :app:testDebugUnitTest
> Task :app:packageDebug
> Task :app:createDebugApkListingFileRedirect
> Task :app:assembleDebug
gradle/actions: Writing build results to /home/runner/work/_temp/.gradle-actions/build-results/__run_4-1787646668388.json

[Incubating] Problems report is available at: file:///home/runner/work/son-harf/son-harf/build/reports/problems/problems-report.html

BUILD SUCCESSFUL in 1m 58s
43 actionable tasks: 43 executed
